<html>
<body>
<pre>
<h1>µVision Build Log</h1>
<h2>Tool Versions:</h2>
IDE-Version: µVision V5.36.0.0
Copyright (C) 2021 ARM Ltd and ARM Germany GmbH. All rights reserved.
License Information: Labinf Dauin Politecnico di Torino Flex license: MDK Professional 5.36 (Flex) (mdk_pro) Operation stops: 10 Mar 2024
 
Tool Versions:
Toolchain:       MDK Professional 5.36 (Flex)  Version: 5.36.0.0
Toolchain Path:  C:\Keil_v5\ARM\ARMCLANG\Bin
C Compiler:      ArmClang.exe V6.16
Assembler:       Armasm.exe V6.16
Linker/Locator:  ArmLink.exe V6.16
Library Manager: ArmAr.exe V6.16
Hex Converter:   FromElf.exe V6.16
CPU DLL:         SARMCM3.DLL V5.36.0.0
Dialog DLL:      DARMP1.DLL V1.27.0.0
Target DLL:      UL2CM3.DLL V1.164.0.0
Dialog DLL:      DARMP1.DLL V1.27.0.0
 
<h2>Project:</h2>
Z:\CAS-turno1_20230207\ARM\2023-02-07(ANSWER)\2023-02-07.uvprojx
Project File Date:  02/07/2023

<h2>Output:</h2>
*** Using Compiler 'V6.16', folder: 'C:\Keil_v5\ARM\ARMCLANG\Bin'
Build target 'Target 1'
"RTE/Device/LPC1768/startup_LPC17xx.s", line 184 (column 12): Warning: A1865W: '#' not seen before constant expression
  184 00000042     MOV R5,0
                          ^
0 Errors, 1 Warning
assembling startup_LPC17xx.s...
Core/main.c(2): warning: non-portable path to file '"LPC17xx.h"'; specified path differs in case from file name on disk [-Wnonportable-include-path]
#include "lpc17xx.h"
         ^~~~~~~~~~~
         "LPC17xx.h"
Core/main.c(2): warning: In file included from...
C:/Keil_v5/ARM/PACK/Keil/LPC1700_DFP/2.7.1/Device/Include\lpc17xx.h(200): warning: anonymous structs are a C11 extension [-Wc11-extensions]
    struct {
    ^
C:/Keil_v5/ARM/PACK/Keil/LPC1700_DFP/2.7.1/Device/Include\lpc17xx.h(204): warning: anonymous structs are a C11 extension [-Wc11-extensions]
    struct {
    ^
C:/Keil_v5/ARM/PACK/Keil/LPC1700_DFP/2.7.1/Device/Include\lpc17xx.h(198): warning: anonymous unions are a C11 extension [-Wc11-extensions]
  union {
  ^
C:/Keil_v5/ARM/PACK/Keil/LPC1700_DFP/2.7.1/Device/Include\lpc17xx.h(214): warning: anonymous structs are a C11 extension [-Wc11-extensions]
    struct {
    ^
C:/Keil_v5/ARM/PACK/Keil/LPC1700_DFP/2.7.1/Device/Include\lpc17xx.h(218): warning: anonymous structs are a C11 extension [-Wc11-extensions]
    struct {
    ^
C:/Keil_v5/ARM/PACK/Keil/LPC1700_DFP/2.7.1/Device/Include\lpc17xx.h(212): warning: anonymous unions are a C11 extension [-Wc11-extensions]
  union {
  ^
C:/Keil_v5/ARM/PACK/Keil/LPC1700_DFP/2.7.1/Device/Include\lpc17xx.h(227): warning: anonymous structs are a C11 extension [-Wc11-extensions]
    struct {
    ^
C:/Keil_v5/ARM/PACK/Keil/LPC1700_DFP/2.7.1/Device/Include\lpc17xx.h(231): warning: anonymous structs are a C11 extension [-Wc11-extensions]
    struct {
    ^
C:/Keil_v5/ARM/PACK/Keil/LPC1700_DFP/2.7.1/Device/Include\lpc17xx.h(225): warning: anonymous unions are a C11 extension [-Wc11-extensions]
  union {
  ^
C:/Keil_v5/ARM/PACK/Keil/LPC1700_DFP/2.7.1/Device/Include\lpc17xx.h(240): warning: anonymous structs are a C11 extension [-Wc11-extensions]
    struct {
    ^
C:/Keil_v5/ARM/PACK/Keil/LPC1700_DFP/2.7.1/Device/Include\lpc17xx.h(244): warning: anonymous structs are a C11 extension [-Wc11-extensions]
    struct {
    ^
C:/Keil_v5/ARM/PACK/Keil/LPC1700_DFP/2.7.1/Device/Include\lpc17xx.h(238): warning: anonymous unions are a C11 extension [-Wc11-extensions]
  union {
  ^
C:/Keil_v5/ARM/PACK/Keil/LPC1700_DFP/2.7.1/Device/Include\lpc17xx.h(253): warning: anonymous structs are a C11 extension [-Wc11-extensions]
    struct {
    ^
C:/Keil_v5/ARM/PACK/Keil/LPC1700_DFP/2.7.1/Device/Include\lpc17xx.h(257): warning: anonymous structs are a C11 extension [-Wc11-extensions]
    struct {
    ^
C:/Keil_v5/ARM/PACK/Keil/LPC1700_DFP/2.7.1/Device/Include\lpc17xx.h(251): warning: anonymous unions are a C11 extension [-Wc11-extensions]
  union {
  ^
C:/Keil_v5/ARM/PACK/Keil/LPC1700_DFP/2.7.1/Device/Include\lpc17xx.h(339): warning: anonymous unions are a C11 extension [-Wc11-extensions]
  union {
  ^
C:/Keil_v5/ARM/PACK/Keil/LPC1700_DFP/2.7.1/Device/Include\lpc17xx.h(345): warning: anonymous unions are a C11 extension [-Wc11-extensions]
  union {
  ^
C:/Keil_v5/ARM/PACK/Keil/LPC1700_DFP/2.7.1/Device/Include\lpc17xx.h(349): warning: anonymous unions are a C11 extension [-Wc11-extensions]
  union {
  ^
C:/Keil_v5/ARM/PACK/Keil/LPC1700_DFP/2.7.1/Device/Include\lpc17xx.h(371): warning: anonymous unions are a C11 extension [-Wc11-extensions]
  union {
  ^
C:/Keil_v5/ARM/PACK/Keil/LPC1700_DFP/2.7.1/Device/Include\lpc17xx.h(377): warning: anonymous unions are a C11 extension [-Wc11-extensions]
  union {
  ^
C:/Keil_v5/ARM/PACK/Keil/LPC1700_DFP/2.7.1/Device/Include\lpc17xx.h(382): warning: anonymous unions are a C11 extension [-Wc11-extensions]
  union {
  ^
C:/Keil_v5/ARM/PACK/Keil/LPC1700_DFP/2.7.1/Device/Include\lpc17xx.h(833): warning: anonymous unions are a C11 extension [-Wc11-extensions]
  union {
  ^
C:/Keil_v5/ARM/PACK/Keil/LPC1700_DFP/2.7.1/Device/Include\lpc17xx.h(843): warning: anonymous unions are a C11 extension [-Wc11-extensions]
  union {
  ^
C:/Keil_v5/ARM/PACK/Keil/LPC1700_DFP/2.7.1/Device/Include\lpc17xx.h(847): warning: anonymous unions are a C11 extension [-Wc11-extensions]
  union {
  ^
Core/main.c(6): warning: type specifier missing, defaults to 'int' [-Wimplicit-int]
extern insertionSort(int,int);
~~~~~~ ^
Core/main.c(13): warning: no newline at end of file [-Wnewline-eof]
}
 ^
27 warnings generated.
compiling main.c...
linking...
Program Size: Code=856 RO-data=236 RW-data=0 ZI-data=608  
".\Objects\2023-02-07.axf" - 0 Error(s), 27 Warning(s).

<h2>Software Packages used:</h2>

Package Vendor: ARM
                http://www.keil.com/pack/ARM.CMSIS.5.8.0.pack
                ARM.CMSIS.5.8.0
                CMSIS (Common Microcontroller Software Interface Standard)
   * Component: CORE Version: 5.5.0

Package Vendor: Keil
                http://www.keil.com/pack/Keil.LPC1700_DFP.2.7.1.pack
                Keil.LPC1700_DFP.2.7.1
                NXP LPC1700 Series Device Support, Drivers and Examples for MCB1700 and LPC1788-32
   * Component: Startup Version: 1.0.0

<h2>Collection of Component include folders:</h2>
  .\RTE\Device\LPC1768
  .\RTE\_Target_1
  C:\Keil_v5\ARM\PACK\ARM\CMSIS\5.8.0\CMSIS\Core\Include
  C:\Keil_v5\ARM\PACK\Keil\LPC1700_DFP\2.7.1\Device\Include

<h2>Collection of Component Files used:</h2>

   * Component: ARM::CMSIS:CORE:5.5.0

   * Component: Keil::Device:Startup:1.0.0
      Source file:   Device\Source\system_LPC17xx.c
      Include file:  RTE_Driver\Config\RTE_Device.h
      Include file:  Device\Include\LPC17xx.h
      Source file:   Device\Source\ARM\startup_LPC17xx.s
Build Time Elapsed:  00:00:04
</pre>
</body>
</html>
