Component: Arm Compiler for Embedded 6.18 Tool: armlink [5e4cc100]

==============================================================================

Section Cross References

    startup_lpc17xx.o(STACK) refers (Special) to heapauxi.o(.text) for __use_two_region_memory
    startup_lpc17xx.o(HEAP) refers (Special) to heapauxi.o(.text) for __use_two_region_memory
    startup_lpc17xx.o(RESET) refers (Special) to heapauxi.o(.text) for __use_two_region_memory
    startup_lpc17xx.o(RESET) refers to startup_lpc17xx.o(STACK) for __initial_sp
    startup_lpc17xx.o(RESET) refers to startup_lpc17xx.o(.text) for Reset_Handler
    startup_lpc17xx.o(.ARM.__at_0x02FC) refers (Special) to heapauxi.o(.text) for __use_two_region_memory
    startup_lpc17xx.o(my_DATA) refers (Special) to heapauxi.o(.text) for __use_two_region_memory
    startup_lpc17xx.o(.text) refers (Special) to heapauxi.o(.text) for __use_two_region_memory
    startup_lpc17xx.o(.text) refers to asm_func.o(my_Func) for computeG
    startup_lpc17xx.o(.text) refers to startup_lpc17xx.o(my_DATA) for numIteration
    startup_lpc17xx.o(.text) refers to startup_lpc17xx.o(HEAP) for Heap_Mem
    startup_lpc17xx.o(.text) refers to startup_lpc17xx.o(STACK) for Stack_Mem
    system_lpc17xx.o(.text.SystemCoreClockUpdate) refers to lludivv7m.o(.text) for __aeabi_uldivmod
    system_lpc17xx.o(.text.SystemCoreClockUpdate) refers to system_lpc17xx.o(.data.SystemCoreClock) for SystemCoreClock
    system_lpc17xx.o(.ARM.exidx.text.SystemCoreClockUpdate) refers to system_lpc17xx.o(.text.SystemCoreClockUpdate) for [Anonymous Symbol]
    system_lpc17xx.o(.ARM.exidx.text.SystemInit) refers to system_lpc17xx.o(.text.SystemInit) for [Anonymous Symbol]
    aeabi_ldiv0_sigfpe.o(.text) refers to rt_div0.o(.text) for __rt_div0
    rt_div0.o(.text) refers to defsig_fpe_outer.o(.text) for __rt_SIGFPE
    defsig_fpe_outer.o(.text) refers to defsig_fpe_inner.o(.text) for __rt_SIGFPE_inner
    defsig_fpe_outer.o(.text) refers to defsig_exit.o(.text) for __sig_exit
    defsig_fpe_formal.o(.text) refers to rt_raise.o(.text) for __rt_raise
    rt_raise.o(.text) refers to __raise.o(.text) for __raise
    rt_raise.o(.text) refers to sys_exit.o(.text) for _sys_exit
    defsig_exit.o(.text) refers to sys_exit.o(.text) for _sys_exit
    defsig_fpe_inner.o(.text) refers to defsig_general.o(.text) for __default_signal_display
    sys_exit.o(.text) refers (Special) to use_no_semi.o(.text) for __I$use$semihosting
    sys_exit.o(.text) refers (Special) to indicate_semi.o(.text) for __semihosting_library_function
    sys_exit_hlt.o(.text) refers (Special) to use_no_semi.o(.text) for __I$use$semihosting
    sys_exit_hlt.o(.text) refers (Special) to indicate_semi.o(.text) for __semihosting_library_function
    __raise.o(.text) refers to defsig.o(CL$$defsig) for __default_signal_handler
    defsig_general.o(.text) refers to sys_wrch.o(.text) for _ttywrch
    sys_wrch.o(.text) refers (Special) to use_no_semi.o(.text) for __I$use$semihosting
    sys_wrch.o(.text) refers (Special) to indicate_semi.o(.text) for __semihosting_library_function
    sys_wrch_hlt.o(.text) refers (Special) to use_no_semi.o(.text) for __I$use$semihosting
    sys_wrch_hlt.o(.text) refers (Special) to indicate_semi.o(.text) for __semihosting_library_function
    defsig.o(CL$$defsig) refers to defsig_fpe_inner.o(.text) for __rt_SIGFPE_inner
    defsig_abrt_inner.o(.text) refers to defsig_general.o(.text) for __default_signal_display
    defsig_rtred_inner.o(.text) refers to defsig_general.o(.text) for __default_signal_display
    defsig_rtmem_inner.o(.text) refers to defsig_general.o(.text) for __default_signal_display
    defsig_stak_inner.o(.text) refers to defsig_general.o(.text) for __default_signal_display
    defsig_pvfn_inner.o(.text) refers to defsig_general.o(.text) for __default_signal_display
    defsig_cppl_inner.o(.text) refers to defsig_general.o(.text) for __default_signal_display
    defsig_segv_inner.o(.text) refers to defsig_general.o(.text) for __default_signal_display
    defsig_other.o(.text) refers to defsig_general.o(.text) for __default_signal_display


==============================================================================

Removing Unused exception sections from the image.

    Removing system_lpc17xx.o(.ARM.exidx.text.SystemCoreClockUpdate), (8 bytes).
    Removing system_lpc17xx.o(.ARM.exidx.text.SystemInit), (8 bytes).

2 unused section(s) (total 16 bytes) removed from the image.

==============================================================================

Image Symbol Table

    Local Symbols

    Symbol Name                              Value     Ov Type        Size  Object(Section)

    ../clib/angel/rt.s                       0x00000000   Number         0  aeabi_ldiv0.o ABSOLUTE
    ../clib/angel/rt.s                       0x00000000   Number         0  aeabi_ldiv0_sigfpe.o ABSOLUTE
    ../clib/angel/rt.s                       0x00000000   Number         0  rt_div0.o ABSOLUTE
    ../clib/angel/rt.s                       0x00000000   Number         0  rt_raise.o ABSOLUTE
    ../clib/angel/sys.s                      0x00000000   Number         0  use_no_semi.o ABSOLUTE
    ../clib/angel/sys.s                      0x00000000   Number         0  indicate_semi.o ABSOLUTE
    ../clib/angel/sysapp.c                   0x00000000   Number         0  sys_exit.o ABSOLUTE
    ../clib/angel/sysapp.c                   0x00000000   Number         0  sys_exit_hlt.o ABSOLUTE
    ../clib/angel/sysapp.c                   0x00000000   Number         0  sys_wrch.o ABSOLUTE
    ../clib/angel/sysapp.c                   0x00000000   Number         0  sys_wrch_hlt.o ABSOLUTE
    ../clib/heapaux.c                        0x00000000   Number         0  heapauxi.o ABSOLUTE
    ../clib/longlong.s                       0x00000000   Number         0  lludivv7m.o ABSOLUTE
    ../clib/signal.c                         0x00000000   Number         0  defsig_fpe_outer.o ABSOLUTE
    ../clib/signal.c                         0x00000000   Number         0  defsig_fpe_formal.o ABSOLUTE
    ../clib/signal.c                         0x00000000   Number         0  defsig_exit.o ABSOLUTE
    ../clib/signal.c                         0x00000000   Number         0  defsig_fpe_inner.o ABSOLUTE
    ../clib/signal.c                         0x00000000   Number         0  __raise.o ABSOLUTE
    ../clib/signal.c                         0x00000000   Number         0  defsig_general.o ABSOLUTE
    ../clib/signal.c                         0x00000000   Number         0  defsig_abrt_inner.o ABSOLUTE
    ../clib/signal.c                         0x00000000   Number         0  defsig_rtred_inner.o ABSOLUTE
    ../clib/signal.c                         0x00000000   Number         0  defsig_rtmem_inner.o ABSOLUTE
    ../clib/signal.c                         0x00000000   Number         0  defsig_stak_inner.o ABSOLUTE
    ../clib/signal.c                         0x00000000   Number         0  defsig_pvfn_inner.o ABSOLUTE
    ../clib/signal.c                         0x00000000   Number         0  defsig_cppl_inner.o ABSOLUTE
    ../clib/signal.c                         0x00000000   Number         0  defsig_segv_inner.o ABSOLUTE
    ../clib/signal.c                         0x00000000   Number         0  defsig_other.o ABSOLUTE
    ../clib/signal.s                         0x00000000   Number         0  defsig.o ABSOLUTE
    ASM_funs/ASM_func.s                      0x00000000   Number         0  asm_func.o ABSOLUTE
    RTE/Device/LPC1768/startup_LPC17xx.s     0x00000000   Number         0  startup_lpc17xx.o ABSOLUTE
    dc.s                                     0x00000000   Number         0  dc.o ABSOLUTE
    main.c                                   0x00000000   Number         0  main.o ABSOLUTE
    system_LPC17xx.c                         0x00000000   Number         0  system_lpc17xx.o ABSOLUTE
    RESET                                    0x00000000   Section      204  startup_lpc17xx.o(RESET)
    .text                                    0x000000cc   Section      136  startup_lpc17xx.o(.text)
    .text                                    0x00000154   Section      240  lludivv7m.o(.text)
    .text                                    0x00000244   Section        0  heapauxi.o(.text)
    my_Func                                  0x0000024c   Section      116  asm_func.o(my_Func)
    .ARM.__at_0x02FC                         0x000002fc   Section        4  startup_lpc17xx.o(.ARM.__at_0x02FC)
    [Anonymous Symbol]                       0x00000300   Section        0  system_lpc17xx.o(.text.SystemCoreClockUpdate)
    [Anonymous Symbol]                       0x000004ac   Section        0  system_lpc17xx.o(.text.SystemInit)
    Stack_Mem                                0x10000000   Data         512  startup_lpc17xx.o(STACK)
    STACK                                    0x10000000   Section      512  startup_lpc17xx.o(STACK)
    __initial_sp                             0x10000200   Data           0  startup_lpc17xx.o(STACK)
    numIteration                             0x2007c004   Data           1  startup_lpc17xx.o(my_DATA)
    my_DATA                                  0x2007c004   Section       41  startup_lpc17xx.o(my_DATA)
    arrayG                                   0x2007c005   Data          40  startup_lpc17xx.o(my_DATA)
    Heap_Mem                                 0x2007c030   Data           0  startup_lpc17xx.o(HEAP)
    HEAP                                     0x2007c030   Section        0  startup_lpc17xx.o(HEAP)

    Global Symbols

    Symbol Name                              Value     Ov Type        Size  Object(Section)

    BuildAttributes$$THM_ISAv4$P$D$K$B$S$PE$A:L22UL41UL21$X:L11$S22US41US21$IEEE1$IW$~IW$USESV6$~STKCKD$USESV7$~SHL$OSPACE$ROPI$EBA8$STANDARDLIB$REQ8$EABIv2 0x00000000   Number         0  anon$$obj.o ABSOLUTE
    __Vectors                                0x00000000   Data           4  startup_lpc17xx.o(RESET)
    __sigvec_lookup                           - Undefined Weak Reference
    Reset_Handler                            0x000000cd   Thumb Code    70  startup_lpc17xx.o(.text)
    NMI_Handler                              0x00000113   Thumb Code     2  startup_lpc17xx.o(.text)
    HardFault_Handler                        0x00000115   Thumb Code     2  startup_lpc17xx.o(.text)
    MemManage_Handler                        0x00000117   Thumb Code     2  startup_lpc17xx.o(.text)
    BusFault_Handler                         0x00000119   Thumb Code     2  startup_lpc17xx.o(.text)
    UsageFault_Handler                       0x0000011b   Thumb Code     2  startup_lpc17xx.o(.text)
    SVC_Handler                              0x0000011d   Thumb Code     2  startup_lpc17xx.o(.text)
    DebugMon_Handler                         0x0000011f   Thumb Code     2  startup_lpc17xx.o(.text)
    PendSV_Handler                           0x00000121   Thumb Code     2  startup_lpc17xx.o(.text)
    SysTick_Handler                          0x00000123   Thumb Code     2  startup_lpc17xx.o(.text)
    ADC_IRQHandler                           0x00000125   Thumb Code     0  startup_lpc17xx.o(.text)
    BOD_IRQHandler                           0x00000125   Thumb Code     0  startup_lpc17xx.o(.text)
    CANActivity_IRQHandler                   0x00000125   Thumb Code     0  startup_lpc17xx.o(.text)
    CAN_IRQHandler                           0x00000125   Thumb Code     0  startup_lpc17xx.o(.text)
    DMA_IRQHandler                           0x00000125   Thumb Code     0  startup_lpc17xx.o(.text)
    EINT0_IRQHandler                         0x00000125   Thumb Code     0  startup_lpc17xx.o(.text)
    EINT1_IRQHandler                         0x00000125   Thumb Code     0  startup_lpc17xx.o(.text)
    EINT2_IRQHandler                         0x00000125   Thumb Code     0  startup_lpc17xx.o(.text)
    EINT3_IRQHandler                         0x00000125   Thumb Code     0  startup_lpc17xx.o(.text)
    ENET_IRQHandler                          0x00000125   Thumb Code     0  startup_lpc17xx.o(.text)
    I2C0_IRQHandler                          0x00000125   Thumb Code     0  startup_lpc17xx.o(.text)
    I2C1_IRQHandler                          0x00000125   Thumb Code     0  startup_lpc17xx.o(.text)
    I2C2_IRQHandler                          0x00000125   Thumb Code     0  startup_lpc17xx.o(.text)
    I2S_IRQHandler                           0x00000125   Thumb Code     0  startup_lpc17xx.o(.text)
    MCPWM_IRQHandler                         0x00000125   Thumb Code     0  startup_lpc17xx.o(.text)
    PLL0_IRQHandler                          0x00000125   Thumb Code     0  startup_lpc17xx.o(.text)
    PLL1_IRQHandler                          0x00000125   Thumb Code     0  startup_lpc17xx.o(.text)
    PWM1_IRQHandler                          0x00000125   Thumb Code     0  startup_lpc17xx.o(.text)
    QEI_IRQHandler                           0x00000125   Thumb Code     0  startup_lpc17xx.o(.text)
    RIT_IRQHandler                           0x00000125   Thumb Code     0  startup_lpc17xx.o(.text)
    RTC_IRQHandler                           0x00000125   Thumb Code     0  startup_lpc17xx.o(.text)
    SPI_IRQHandler                           0x00000125   Thumb Code     0  startup_lpc17xx.o(.text)
    SSP0_IRQHandler                          0x00000125   Thumb Code     0  startup_lpc17xx.o(.text)
    SSP1_IRQHandler                          0x00000125   Thumb Code     0  startup_lpc17xx.o(.text)
    TIMER0_IRQHandler                        0x00000125   Thumb Code     0  startup_lpc17xx.o(.text)
    TIMER1_IRQHandler                        0x00000125   Thumb Code     0  startup_lpc17xx.o(.text)
    TIMER2_IRQHandler                        0x00000125   Thumb Code     0  startup_lpc17xx.o(.text)
    TIMER3_IRQHandler                        0x00000125   Thumb Code     0  startup_lpc17xx.o(.text)
    UART0_IRQHandler                         0x00000125   Thumb Code     0  startup_lpc17xx.o(.text)
    UART1_IRQHandler                         0x00000125   Thumb Code     0  startup_lpc17xx.o(.text)
    UART2_IRQHandler                         0x00000125   Thumb Code     0  startup_lpc17xx.o(.text)
    UART3_IRQHandler                         0x00000125   Thumb Code     0  startup_lpc17xx.o(.text)
    USBActivity_IRQHandler                   0x00000125   Thumb Code     0  startup_lpc17xx.o(.text)
    USB_IRQHandler                           0x00000125   Thumb Code     0  startup_lpc17xx.o(.text)
    WDT_IRQHandler                           0x00000125   Thumb Code     0  startup_lpc17xx.o(.text)
    __user_initial_stackheap                 0x00000129   Thumb Code     0  startup_lpc17xx.o(.text)
    __aeabi_uldivmod                         0x00000155   Thumb Code     0  lludivv7m.o(.text)
    _ll_udiv                                 0x00000155   Thumb Code   240  lludivv7m.o(.text)
    __use_two_region_memory                  0x00000245   Thumb Code     2  heapauxi.o(.text)
    __rt_heap_escrow$2region                 0x00000247   Thumb Code     2  heapauxi.o(.text)
    __rt_heap_expand$2region                 0x00000249   Thumb Code     2  heapauxi.o(.text)
    computeG                                 0x0000024d   Thumb Code   116  asm_func.o(my_Func)
    SystemCoreClockUpdate                    0x00000301   Thumb Code   428  system_lpc17xx.o(.text.SystemCoreClockUpdate)
    SystemInit                               0x000004ad   Thumb Code   388  system_lpc17xx.o(.text.SystemInit)
    SystemCoreClock                          0x2007c000   Data           4  system_lpc17xx.o(.data.SystemCoreClock)



==============================================================================

Memory Map of the image

  Image entry point : Not specified.

  Load Region LR_IROM1 (Base: 0x00000000, Size: 0x00000660, Max: 0x00080000, ABSOLUTE)

    Execution Region ER_IROM1 (Exec base: 0x00000000, Load base: 0x00000000, Size: 0x00000630, Max: 0x00080000, ABSOLUTE)

    Exec Addr    Load Addr    Size         Type   Attr      Idx    E Section Name        Object

    0x00000000   0x00000000   0x000000cc   Data   RO           10    RESET               startup_lpc17xx.o
    0x000000cc   0x000000cc   0x00000000   Code   RO            7    .text               main.o
    0x000000cc   0x000000cc   0x00000088   Code   RO           13    .text               startup_lpc17xx.o
    0x00000154   0x00000154   0x00000000   Code   RO           19    .text               system_lpc17xx.o
    0x00000154   0x00000154   0x000000f0   Code   RO           33    .text               c_w.l(lludivv7m.o)
    0x00000244   0x00000244   0x00000006   Code   RO           35    .text               c_w.l(heapauxi.o)
    0x0000024a   0x0000024a   0x00000002   PAD
    0x0000024c   0x0000024c   0x00000074   Code   RO            1    my_Func             asm_func.o
    0x000002c0   0x000002c0   0x0000003c   PAD
    0x000002fc   0x000002fc   0x00000004   Code   RO           11    .ARM.__at_0x02FC    startup_lpc17xx.o
    0x00000300   0x00000300   0x000001ac   Code   RO           20    .text.SystemCoreClockUpdate  system_lpc17xx.o
    0x000004ac   0x000004ac   0x00000184   Code   RO           22    .text.SystemInit    system_lpc17xx.o


    Execution Region RW_IRAM1 (Exec base: 0x10000000, Load base: 0x00000630, Size: 0x00000200, Max: 0x00008000, ABSOLUTE)

    Exec Addr    Load Addr    Size         Type   Attr      Idx    E Section Name        Object

    0x10000000        -       0x00000200   Zero   RW            8    STACK               startup_lpc17xx.o


    Execution Region RW_IRAM2 (Exec base: 0x2007c000, Load base: 0x00000630, Size: 0x00000030, Max: 0x00008000, ABSOLUTE)

    Exec Addr    Load Addr    Size         Type   Attr      Idx    E Section Name        Object

    0x2007c000   0x00000630   0x00000004   Data   RW           24    .data.SystemCoreClock  system_lpc17xx.o
    0x2007c004   0x00000634   0x00000029   Data   RW           12    my_DATA             startup_lpc17xx.o
    0x2007c02d   0x0000065d   0x00000003   PAD
    0x2007c030        -       0x00000000   Zero   RW            9    HEAP                startup_lpc17xx.o


==============================================================================

Image component sizes


      Code (inc. data)   RO Data    RW Data    ZI Data      Debug   Object Name

       116          0          0          0          0        392   asm_func.o
         0          0          0          0          0          0   main.o
       140         40        204         41        512       1044   startup_lpc17xx.o
       816          8          0          4          0       2282   system_lpc17xx.o

    ----------------------------------------------------------------------
      1132         48        204         48        512       3718   Object Totals
         0          0          0          0          0          0   (incl. Generated)
        60          0          0          3          0          0   (incl. Padding)

    ----------------------------------------------------------------------

      Code (inc. data)   RO Data    RW Data    ZI Data      Debug   Library Member Name

         6          0          0          0          0        152   heapauxi.o
       240          0          0          0          0        100   lludivv7m.o

    ----------------------------------------------------------------------
       248          0          0          0          0        252   Library Totals
         2          0          0          0          0          0   (incl. Padding)

    ----------------------------------------------------------------------

      Code (inc. data)   RO Data    RW Data    ZI Data      Debug   Library Name

       246          0          0          0          0        252   c_w.l

    ----------------------------------------------------------------------
       248          0          0          0          0        252   Library Totals

    ----------------------------------------------------------------------

==============================================================================


      Code (inc. data)   RO Data    RW Data    ZI Data      Debug   

      1380         48        204         48        512       3866   Grand Totals
      1380         48        204         48        512       3866   ELF Image Totals
      1380         48        204         48          0          0   ROM Totals

==============================================================================

    Total RO  Size (Code + RO Data)                 1584 (   1.55kB)
    Total RW  Size (RW Data + ZI Data)               560 (   0.55kB)
    Total ROM Size (Code + RO Data + RW Data)       1632 (   1.59kB)

==============================================================================

