<html>
<body>
<pre>
<h1>µVision Build Log</h1>
<h2>Tool Versions:</h2>
IDE-Version: µVision V5.37.0.0
Copyright (C) 2022 ARM Ltd and ARM Germany GmbH. All rights reserved.
License Information: Saman 3935172, HP Inc., LIC=R4HV2-9YWL4-XCUJ0-BAPGM-G99MJ-6WG6M
 
Tool Versions:
Toolchain:       MDK-ARM Professional  Version: 5.37.0.0
Toolchain Path:  C:\Keil_v5\ARM\ARMCLANG\Bin
C Compiler:      ArmClang.exe V6.18
Assembler:       Armasm.exe V6.18
Linker/Locator:  ArmLink.exe V6.18
Library Manager: ArmAr.exe V6.18
Hex Converter:   FromElf.exe V6.18
CPU DLL:         SARMCM3.DLL V5.37.0.0
Dialog DLL:      DARMP1.DLL V1.28.1.0
Target DLL:      UL2CM3.DLL V1.164.7.0
Dialog DLL:      DARMP1.DLL V1.28.1.0
 
<h2>Project:</h2>
C:\Users\39351\Desktop\2024_02_12_B\2024_02_12_B.uvprojx
Project File Date:  02/13/2024

<h2>Output:</h2>
*** Using Compiler 'V6.18', folder: 'C:\Keil_v5\ARM\ARMCLANG\Bin'
Build target 'Target 1'
button/IRQ_button.c(2): warning: non-portable path to file '"LPC17xx.h"'; specified path differs in case from file name on disk [-Wnonportable-include-path]
#include "lpc17xx.h"
         ^~~~~~~~~~~
         "LPC17xx.h"
button/IRQ_button.c(2): warning: In file included from...
C:/Users/39351/AppData/Local/Arm/Packs/Keil/LPC1700_DFP/2.7.1/Device/Include\lpc17xx.h(90): warning: commas at the end of enumerator lists are a C99-specific feature [-Wc99-extensions]
  CANActivity_IRQn              = 34,       /*!< CAN Activity Interrupt                                                   */
                                    ^~
C:/Users/39351/AppData/Local/Arm/Packs/Keil/LPC1700_DFP/2.7.1/Device/Include\lpc17xx.h(200): warning: anonymous structs are a C11 extension [-Wc11-extensions]
    struct {
    ^
C:/Users/39351/AppData/Local/Arm/Packs/Keil/LPC1700_DFP/2.7.1/Device/Include\lpc17xx.h(204): warning: anonymous structs are a C11 extension [-Wc11-extensions]
    struct {
    ^
C:/Users/39351/AppData/Local/Arm/Packs/Keil/LPC1700_DFP/2.7.1/Device/Include\lpc17xx.h(198): warning: anonymous unions are a C11 extension [-Wc11-extensions]
  union {
  ^
C:/Users/39351/AppData/Local/Arm/Packs/Keil/LPC1700_DFP/2.7.1/Device/Include\lpc17xx.h(214): warning: anonymous structs are a C11 extension [-Wc11-extensions]
    struct {
    ^
C:/Users/39351/AppData/Local/Arm/Packs/Keil/LPC1700_DFP/2.7.1/Device/Include\lpc17xx.h(218): warning: anonymous structs are a C11 extension [-Wc11-extensions]
    struct {
    ^
C:/Users/39351/AppData/Local/Arm/Packs/Keil/LPC1700_DFP/2.7.1/Device/Include\lpc17xx.h(212): warning: anonymous unions are a C11 extension [-Wc11-extensions]
  union {
  ^
C:/Users/39351/AppData/Local/Arm/Packs/Keil/LPC1700_DFP/2.7.1/Device/Include\lpc17xx.h(227): warning: anonymous structs are a C11 extension [-Wc11-extensions]
    struct {
    ^
C:/Users/39351/AppData/Local/Arm/Packs/Keil/LPC1700_DFP/2.7.1/Device/Include\lpc17xx.h(231): warning: anonymous structs are a C11 extension [-Wc11-extensions]
    struct {
    ^
C:/Users/39351/AppData/Local/Arm/Packs/Keil/LPC1700_DFP/2.7.1/Device/Include\lpc17xx.h(225): warning: anonymous unions are a C11 extension [-Wc11-extensions]
  union {
  ^
C:/Users/39351/AppData/Local/Arm/Packs/Keil/LPC1700_DFP/2.7.1/Device/Include\lpc17xx.h(240): warning: anonymous structs are a C11 extension [-Wc11-extensions]
    struct {
    ^
C:/Users/39351/AppData/Local/Arm/Packs/Keil/LPC1700_DFP/2.7.1/Device/Include\lpc17xx.h(244): warning: anonymous structs are a C11 extension [-Wc11-extensions]
    struct {
    ^
C:/Users/39351/AppData/Local/Arm/Packs/Keil/LPC1700_DFP/2.7.1/Device/Include\lpc17xx.h(238): warning: anonymous unions are a C11 extension [-Wc11-extensions]
  union {
  ^
C:/Users/39351/AppData/Local/Arm/Packs/Keil/LPC1700_DFP/2.7.1/Device/Include\lpc17xx.h(253): warning: anonymous structs are a C11 extension [-Wc11-extensions]
    struct {
    ^
C:/Users/39351/AppData/Local/Arm/Packs/Keil/LPC1700_DFP/2.7.1/Device/Include\lpc17xx.h(257): warning: anonymous structs are a C11 extension [-Wc11-extensions]
    struct {
    ^
C:/Users/39351/AppData/Local/Arm/Packs/Keil/LPC1700_DFP/2.7.1/Device/Include\lpc17xx.h(251): warning: anonymous unions are a C11 extension [-Wc11-extensions]
  union {
  ^
C:/Users/39351/AppData/Local/Arm/Packs/Keil/LPC1700_DFP/2.7.1/Device/Include\lpc17xx.h(339): warning: anonymous unions are a C11 extension [-Wc11-extensions]
  union {
  ^
C:/Users/39351/AppData/Local/Arm/Packs/Keil/LPC1700_DFP/2.7.1/Device/Include\lpc17xx.h(345): warning: anonymous unions are a C11 extension [-Wc11-extensions]
  union {
  ^
C:/Users/39351/AppData/Local/Arm/Packs/Keil/LPC1700_DFP/2.7.1/Device/Include\lpc17xx.h(349): warning: anonymous unions are a C11 extension [-Wc11-extensions]
  union {
  ^
C:/Users/39351/AppData/Local/Arm/Packs/Keil/LPC1700_DFP/2.7.1/Device/Include\lpc17xx.h(371): warning: anonymous unions are a C11 extension [-Wc11-extensions]
  union {
  ^
C:/Users/39351/AppData/Local/Arm/Packs/Keil/LPC1700_DFP/2.7.1/Device/Include\lpc17xx.h(377): warning: anonymous unions are a C11 extension [-Wc11-extensions]
  union {
  ^
C:/Users/39351/AppData/Local/Arm/Packs/Keil/LPC1700_DFP/2.7.1/Device/Include\lpc17xx.h(382): warning: anonymous unions are a C11 extension [-Wc11-extensions]
  union {
  ^
C:/Users/39351/AppData/Local/Arm/Packs/Keil/LPC1700_DFP/2.7.1/Device/Include\lpc17xx.h(833): warning: anonymous unions are a C11 extension [-Wc11-extensions]
  union {
  ^
C:/Users/39351/AppData/Local/Arm/Packs/Keil/LPC1700_DFP/2.7.1/Device/Include\lpc17xx.h(843): warning: anonymous unions are a C11 extension [-Wc11-extensions]
  union {
  ^
C:/Users/39351/AppData/Local/Arm/Packs/Keil/LPC1700_DFP/2.7.1/Device/Include\lpc17xx.h(847): warning: anonymous unions are a C11 extension [-Wc11-extensions]
  union {
  ^
C:/Users/39351/AppData/Local/Arm/Packs/Keil/LPC1700_DFP/2.7.1/Device/Include\lpc17xx.h(1048): warning: // comments are not allowed in this language [-Wcomment]
#endif  // __LPC17xx_H__
        ^
button/IRQ_button.c(9): warning: no previous prototype for function 'EINT0_IRQHandler' [-Wmissing-prototypes]
void EINT0_IRQHandler (void)      
     ^
button/IRQ_button.c(9): note: declare 'static' if the function is not intended to be used outside of this translation unit
void EINT0_IRQHandler (void)      
^
static 
button/IRQ_button.c(18): warning: implicit conversion changes signedness: 'volatile uint32_t' (aka 'volatile unsigned int') to 'int' [-Wsign-conversion]
        int Timer_value=LPC_TIM0 -> TC;
            ~~~~~~~~~~~ ~~~~~~~~~~~~^~
button/IRQ_button.c(28): warning: // comments are not allowed in this language [-Wcomment]
        for(i=0;i<NUM_COLUMNS-1;i++)maze[i]='X';        //top border
                                                        ^
button/IRQ_button.c(42): warning: incompatible pointer to integer conversion passing 'char[72]' to parameter of type 'int' [-Wint-conversion]
        exploreMaze(NUM_ROWS,NUM_COLUMNS,maze,path);
                                         ^~~~
button/IRQ_button.c(7): note: passing argument to parameter here
extern exploreMaze(int,int,int,int);
                              ^
button/IRQ_button.c(42): warning: incompatible pointer to integer conversion passing 'char[72]' to parameter of type 'int' [-Wint-conversion]
        exploreMaze(NUM_ROWS,NUM_COLUMNS,maze,path);
                                              ^~~~
button/IRQ_button.c(7): note: passing argument to parameter here
extern exploreMaze(int,int,int,int);
                                  ^
button/IRQ_button.c(5): warning: no previous extern declaration for non-static variable 'maze' [-Wmissing-variable-declarations]
char maze[NUM_ROWS*NUM_COLUMNS];
     ^
button/IRQ_button.c(5): note: declare 'static' if the variable is not intended to be used outside of this translation unit
char maze[NUM_ROWS*NUM_COLUMNS];
^
button/IRQ_button.c(6): warning: no previous extern declaration for non-static variable 'path' [-Wmissing-variable-declarations]
char path[NUM_ROWS*NUM_COLUMNS];
     ^
button/IRQ_button.c(6): note: declare 'static' if the variable is not intended to be used outside of this translation unit
char path[NUM_ROWS*NUM_COLUMNS];
^
34 warnings generated.
compiling IRQ_button.c...
linking...
Program Size: Code=1648 RO-data=236 RW-data=0 ZI-data=752  
".\Objects\2024_02_12_B.axf" - 0 Error(s), 34 Warning(s).

<h2>Software Packages used:</h2>

Package Vendor: ARM
                http://www.keil.com/pack/ARM.CMSIS.5.9.0.pack
                ARM.CMSIS.5.9.0
                CMSIS (Common Microcontroller Software Interface Standard)
   * Component: CORE Version: 5.6.0

Package Vendor: Keil
                http://www.keil.com/pack/Keil.LPC1700_DFP.2.7.1.pack
                Keil.LPC1700_DFP.2.7.1
                NXP LPC1700 Series Device Support, Drivers and Examples for MCB1700 and LPC1788-32
   * Component: Startup Version: 1.0.0

<h2>Collection of Component include folders:</h2>
  ./RTE/Device/LPC1768
  ./RTE/_Target_1
  C:/Users/39351/AppData/Local/Arm/Packs/ARM/CMSIS/5.9.0/CMSIS/Core/Include
  C:/Users/39351/AppData/Local/Arm/Packs/Keil/LPC1700_DFP/2.7.1/Device/Include

<h2>Collection of Component Files used:</h2>

   * Component: ARM::CMSIS:CORE:5.6.0

   * Component: Keil::Device:Startup:1.0.0
      Source file:   Device/Source/system_LPC17xx.c
      Source file:   Device/Source/ARM/startup_LPC17xx.s
      Include file:  Device/Include/LPC17xx.h
      Include file:  RTE_Driver/Config/RTE_Device.h
Build Time Elapsed:  00:00:01
</pre>
</body>
</html>
